// Jest Snapshot v1, https://goo.gl/fbAQLP

exports[`SvgIconWind should render SVG 1`] = `
<svg
  height="45"
  viewBox="0 0 45 45"
  width="45"
  x={100}
  xmlns="http://www.w3.org/2000/svg"
  y={100}
>
  <desc>
    Wind
  </desc>
  <g
    fill="none"
    fillRule="evenodd"
  >
    <g
      fillRule="nonzero"
    >
      <g>
        <g>
          <g>
            <g>
              <g>
                <path
                  d="M17.978 0c.93-.001 1.697.73 1.74 1.66l.58 11.25c1.083.744 1.739 1.965 1.762 3.278l9.427 6.125c.785.505 1.03 1.54.557 2.345l-.014.024c-.47.803-1.489 1.094-2.312.661l-9.31-4.832L22 34.839h11.02c.32 0 .58.26.58.58 0 .321-.26.581-.58.581H.58c-.32 0-.58-.26-.58-.58 0-.321.26-.581.58-.581h12.78l2.12-14.306L6.647 25.6c-.807.47-1.842.216-2.34-.574l-.015-.022c-.5-.785-.295-1.825.467-2.36l9.177-6.529c.046-1.285.698-2.473 1.757-3.202l.516-11.246c.038-.932.807-1.668 1.74-1.666zM35.4 34.8c.331 0 .6.269.6.6 0 .331-.269.6-.6.6h-.6c-.331 0-.6-.269-.6-.6 0-.331.269-.6.6-.6zM19.22 20.323h-2.536l-2.15 14.516h6.298l-1.613-14.516zM17.4 33c.331 0 .6.269.6.6 0 .331-.269.6-.6.6h-1.8c-.331 0-.6-.269-.6-.6 0-.331.269-.6.6-.6zm2.4 0c.331 0 .6.269.6.6 0 .331-.269.6-.6.6h-.6c-.331 0-.6-.269-.6-.6 0-.331.269-.6.6-.6zm-5.696-15.58L5.43 23.59c-.255.179-.324.526-.158.788l.015.024c.167.263.512.347.781.191l9.233-5.297c-.565-.502-.98-1.151-1.197-1.875zm7.777.037c-.226.727-.651 1.375-1.227 1.873l9.601 4.984c.275.146.616.049.773-.22l.015-.024c.157-.268.075-.613-.187-.781zm-3.884-4.102c-1.603 0-2.902 1.3-2.902 2.903.001 1.603 1.3 2.902 2.902 2.903 1.604 0 2.903-1.3 2.903-2.903s-1.3-2.903-2.903-2.903zM18 14.4c.994 0 1.8.806 1.8 1.8S18.994 18 18 18c-.994-.001-1.799-.806-1.8-1.8 0-.994.806-1.8 1.8-1.8zm0 1.2c-.331 0-.6.269-.6.6 0 .331.269.6.6.6.331 0 .6-.269.6-.6 0-.331-.269-.6-.6-.6zm-.022-14.439h-.028c-.311 0-.568.246-.58.557l-.488 10.632c.727-.208 1.497-.209 2.224-.001l-.548-10.632c-.013-.31-.27-.556-.58-.556z"
                  fill="#ffffff"
                  transform="translate(-1023 -402) translate(95 221) translate(16 23) translate(904 129) translate(9 30) translate(4 4)"
                />
                <path
                  d="M8.976 8.526l.09.008c.21.034.386.183.462.389.076.206.04.44-.093.611-1.452 1.872-2.244 4.205-2.246 6.61 0 .39.02.781.062 1.17.036.339-.2.645-.526.682C6.703 18 6.681 18 6.66 18c-.303 0-.557-.237-.59-.55-.046-.434-.069-.87-.069-1.306.002-2.689.888-5.296 2.51-7.388.134-.172.346-.257.556-.222zm4.479.07c.291-.156.65-.04.802.257.152.297.039.663-.253.818-2.364 1.25-3.846 3.742-3.842 6.46 0 .334-.266.606-.594.606-.329 0-.595-.272-.595-.607-.005-3.169 1.724-6.076 4.482-7.535zm6.906.225c.174-.295.538-.383.814-.197 2.403 1.614 3.86 4.442 3.852 7.481 0 .35-.264.632-.59.632-.325 0-.589-.283-.589-.632.006-2.605-1.243-5.03-3.303-6.413-.275-.186-.357-.576-.184-.871zm4.874-.16c.241-.21.595-.17.79.09.895 1.195 1.56 2.573 1.953 4.052.056.208.004.433-.135.59-.139.156-.345.22-.54.168-.194-.052-.348-.213-.404-.421-.351-1.323-.946-2.555-1.747-3.624-.195-.26-.158-.643.083-.854zM11.711 6.098c.17-.128.381-.13.553-.004.171.125.277.358.277.61 0 .253-.107.486-.279.61-.422.312-.824.665-1.203 1.057-.098.101-.22.156-.346.156-.233 0-.441-.187-.52-.468-.077-.28-.008-.593.173-.78.424-.438.874-.833 1.345-1.181zm10.62-.004c.171-.125.382-.124.553.004.471.348.92.743 1.344 1.18.237.244.273.687.082.989-.191.301-.538.348-.774.104-.38-.392-.782-.745-1.204-1.057-.171-.124-.278-.357-.278-.61 0-.252.105-.485.277-.61z"
                  fill="#d8b031"
                  transform="translate(-1023 -402) translate(95 221) translate(16 23) translate(904 129) translate(9 30) translate(4 4)"
                />
              </g>
            </g>
          </g>
        </g>
      </g>
    </g>
  </g>
</svg>
`;
