// Jest Snapshot v1, https://goo.gl/fbAQLP

exports[`<TabPanel /> should render and match the snapshot 1`] = `
<div
  aria-labelledby="simple-tab-0"
  id="simple-tabpanel-0"
  role="tabpanel"
>
  Test
</div>
`;
