// Jest Snapshot v1, https://goo.gl/fbAQLP

exports[`SvgIconSolar should render SVG 1`] = `
<svg
  height="45"
  viewBox="0 0 45 45"
  width="45"
  x={100}
  xmlns="http://www.w3.org/2000/svg"
  y={100}
>
  <desc>
    Solar
  </desc>
  <g
    fill="none"
    fillRule="evenodd"
  >
    <g
      fillRule="nonzero"
    >
      <g>
        <g>
          <g>
            <g>
              <g>
                <path
                  d="M18 31.2c.331 0 .6.269.6.6v3.6c0 .331-.269.6-.6.6-.331 0-.6-.269-.6-.6v-3.6c0-.331.269-.6.6-.6zm9.985-4.03l2.446 2.446c.225.225.225.59 0 .815-.113.112-.26.169-.408.169-.148 0-.295-.057-.408-.169l-2.446-2.446c-.225-.226-.225-.59 0-.816.226-.225.59-.225.816 0zm-19.154 0c.225.225.225.59 0 .815L6.384 30.43c-.112.112-.26.169-.407.169-.148 0-.296-.057-.408-.169-.225-.226-.225-.59 0-.815l2.446-2.447c.226-.225.59-.225.816 0zM18 6c6.617 0 12 5.383 12 12s-5.383 12-12 12S6 24.617 6 18 11.383 6 18 6zm0 1.2C12.045 7.2 7.2 12.045 7.2 18c0 5.955 4.845 10.8 10.8 10.8 5.955 0 10.8-4.845 10.8-10.8 0-5.955-4.845-10.8-10.8-10.8zM4.2 17.4c.331 0 .6.269.6.6 0 .331-.269.6-.6.6H.6c-.331 0-.6-.269-.6-.6 0-.331.269-.6.6-.6h3.6zm31.2 0c.331 0 .6.269.6.6 0 .331-.269.6-.6.6h-3.6c-.331 0-.6-.269-.6-.6 0-.331.269-.6.6-.6h3.6zM6.384 5.57l2.447 2.446c.225.225.225.59 0 .815-.113.113-.26.169-.408.169-.147 0-.295-.056-.408-.169L5.57 6.385c-.225-.226-.225-.59 0-.816.225-.225.59-.225.815 0zm24.047 0c.225.225.225.59 0 .815L27.985 8.83c-.113.113-.26.169-.408.169-.148 0-.295-.056-.408-.169-.225-.225-.225-.59 0-.815l2.446-2.447c.226-.225.59-.225.816 0zM18 0c.331 0 .6.269.6.6v3.6c0 .331-.269.6-.6.6-.331 0-.6-.269-.6-.6V.6c0-.331.269-.6.6-.6z"
                  fill="#ffffff"
                  transform="translate(-868 -401) translate(95 221) translate(16 23) translate(749 128) translate(9 30) translate(4 4)"
                />
                <path
                  d="M14.445 27c-.094 0-.19-.02-.277-.065-.25-.125-.381-.401-.318-.67l1.66-7.065H12.61c-.24 0-.456-.137-.556-.35-.1-.214-.063-.465.094-.642l7.944-9c.184-.21.49-.268.74-.143.25.125.381.402.317.67L19.49 16.8h2.899c.24 0 .456.137.556.35.1.214.063.465-.094.642l-7.944 9c-.12.136-.29.208-.462.208zm-.495-9h2.328c.186 0 .362.083.478.226.116.143.159.33.117.509l-1.28 5.448L21.05 18h-2.328c-.186 0-.362-.084-.478-.226-.116-.143-.16-.33-.118-.51l1.281-5.447L13.95 18z"
                  fill="#d8b031"
                  transform="translate(-868 -401) translate(95 221) translate(16 23) translate(749 128) translate(9 30) translate(4 4)"
                />
              </g>
            </g>
          </g>
        </g>
      </g>
    </g>
  </g>
</svg>
`;
