// Jest Snapshot v1, https://goo.gl/fbAQLP

exports[`PowerGridIcon should render SVG 1`] = `
<svg
  height="45"
  viewBox="0 0 45 45"
  width="45"
  x={100}
  xmlns="http://www.w3.org/2000/svg"
  y={100}
>
  <g
    fill="none"
    fillRule="evenodd"
  >
    <g
      fillRule="nonzero"
    >
      <g>
        <g>
          <g>
            <g>
              <g>
                <path
                  d="M29.99 11.668l-9.874-2.802V3.968h6.264v1.128h-.934c-.293 0-.531.236-.531.528v2.184c0 .292.238.528.531.528h2.932c.293 0 .531-.236.531-.528V5.624c0-.292-.238-.528-.531-.528h-.934V3.968h2.4c.264 0 .489-.194.526-.455.037-.26-.126-.508-.38-.58L19.742.023h-.002L19.73.02l-.013-.002-.035-.008-.025-.004c-.009-.001-.017-.003-.026-.003C19.621 0 19.61 0 19.597 0L19.584 0h-.011-8.769-.025l-.037.002-.024.004c-.009 0-.018.002-.027.004l-.033.007-.013.003-.011.003h-.002L.386 2.934c-.255.072-.418.32-.38.58.036.261.26.455.526.455h2.4v1.128h-.935c-.293 0-.531.236-.531.528v2.184c0 .292.238.528.531.528h2.931c.294 0 .532-.236.532-.528V5.624c0-.292-.238-.528-.532-.528h-.934V3.968h6.265v4.898L.386 11.668c-.255.073-.418.32-.38.581.036.261.26.455.526.455h2.4v1.128h-.935c-.293 0-.531.236-.531.528v2.184c0 .292.238.528.531.528h2.931c.294 0 .532-.236.532-.528V14.36c0-.292-.238-.528-.532-.528h-.934v-1.128h6.265v5.222l-2.174 7.56v.001l-.005.015-.001.004v.002L5.992 32.76H4.928c-.293 0-.531.237-.531.529v1.656H3.31c-.293 0-.531.236-.531.528 0 .292.238.528.531.528H27.065c.293 0 .531-.236.531-.528 0-.292-.238-.528-.531-.528h-1.087v-1.656c0-.292-.238-.529-.531-.529h-1.065l-2.085-7.25-.001-.004-.005-.016v-.003l-2.175-7.56v-5.222h6.264v1.128h-.934c-.293 0-.531.236-.531.528v2.184c0 .292.238.528.531.528h2.932c.293 0 .531-.236.531-.528V14.36c0-.292-.238-.528-.531-.528h-.934v-1.128h2.4c.264 0 .49-.194.526-.455.036-.26-.126-.508-.38-.58zm-9.874-10.44l5.931 1.684h-5.931V1.229zm-8.794-.172h7.73v1.856h-7.73V1.056zm7.73 2.912v4.31l-6.505-4.31h6.505zm-7.73.46l6.506 4.308h-6.506V4.427zm0 5.364h7.73v1.856h-7.73V9.792zM10.28 25.116l4.908-3.414 4.909 3.414h-9.817zm9.251 1.056l-4.343 2.157-4.343-2.157h8.686zm-7.053-7.644h5.42l-2.71 1.885-2.71-1.885zm6.575-5.824v4.31l-6.505-4.31h6.505zm-7.73.459l6.506 4.309h-6.506v-4.309zM4.328 2.912l5.931-1.684v1.684H4.328zm0 8.736l5.931-1.684v1.684H4.328zm6.769 7.21l3.163 2.2-4.745 3.3 1.582-5.5zM8.927 26.4L14 28.92l-6.762 3.358 1.69-5.877zm15.054 7.415h.934v1.128H5.46v-1.128h5.955c.293 0 .531-.236.531-.528 0-.292-.238-.528-.531-.528H8.646l6.541-3.25 6.542 3.25h-7.944c-.294 0-.532.236-.532.528 0 .292.238.528.532.528h10.196zm-.843-1.538l-6.762-3.358 5.071-2.52 1.69 5.878zm-2.278-7.92l-4.745-3.3 3.163-2.2 1.582 5.5zm-.744-12.71V9.964l5.931 1.684h-5.931z"
                  fill="#FFF"
                  transform="translate(-120 -543) translate(95 221) translate(16 23) translate(0 270) translate(9.113 30) translate(7.088 4)"
                />
                <path
                  d="M29.363 5L29.363 8 25.313 8 25.313 5zM5.063 5L5.063 8 1.012 8 1.012 5zM5.063 14L5.063 17 1.012 17 1.012 14zM29.363 14L29.363 17 25.313 17 25.313 14z"
                  fill="#d8b031"
                  stroke="#d8b031"
                  strokeLinejoin="round"
                  transform="translate(-120 -543) translate(95 221) translate(16 23) translate(0 270) translate(9.113 30) translate(7.088 4)"
                />
              </g>
            </g>
          </g>
        </g>
      </g>
    </g>
  </g>
</svg>
`;
